// Jest Snapshot v1, https://goo.gl/fbAQLP

exports[`Board.vue should match snapshot 1`] = `
<div class="container fluid">
  <div class="headline">Create new board</div>
  <div class="layout wrap">
    <div class="flex lg4 md6 xs12">
      <div class="layout column">
        <base-list-stub highlightcolor="#abcdef" showcount="true" header="List1" list="[object Object],[object Object]" class="pa-2"><template></template></base-list-stub>
      </div>
    </div>
    <div class="flex lg4 md6 xs12">
      <div class="layout column">
        <base-list-stub highlightcolor="#12cdef" showcount="true" header="List2" list="[object Object],[object Object]" class="pa-2"><template></template></base-list-stub>
      </div>
    </div>
    <div class="flex lg4 md6 xs12">
      <div class="layout column">
        <base-list-stub highlightcolor="#a122ef" showcount="true" header="List3" list="[object Object]" class="pa-2"><template></template></base-list-stub>
      </div>
    </div>
  </div>
</div>
`;

exports[`Board.vue should match snapshot when form is visible 1`] = `
<div class="container fluid">
  <div class="headline">Create new board</div>
  <div class="layout wrap">
    <div class="flex lg4 md6 xs12">
      <div class="layout column">
        <base-list-stub highlightcolor="#abcdef" showcount="true" header="List1" list="[object Object],[object Object]" class="pa-2"><template></template></base-list-stub>
      </div>
    </div>
    <div class="flex lg4 md6 xs12">
      <div class="layout column">
        <base-list-stub highlightcolor="#12cdef" showcount="true" header="List2" list="[object Object],[object Object]" class="pa-2"><template></template></base-list-stub>
      </div>
    </div>
    <div class="flex lg4 md6 xs12">
      <div class="layout column">
        <base-list-stub highlightcolor="#a122ef" showcount="true" header="List3" list="[object Object]" class="pa-2"><template></template></base-list-stub>
      </div>
    </div>
  </div>
</div>
`;
