// Jest Snapshot v1, https://goo.gl/fbAQLP

exports[`ListItemForm.vue should match snapshot 1`] = `
<div class="ma-1 v-card theme--light">
  <div class="v-card__title title">Add new entry</div>
  <hr class="v-divider theme--light">
  <div class="v-card__text pb-0">
    <form novalidate="novalidate" class="v-form">
      <div class="v-input v-text-field v-text-field--box v-text-field--enclosed theme--light">
        <div class="v-input__prepend-outer">
          <div class="v-input__icon v-input__icon--prepend"><i aria-hidden="true" class="v-icon material-icons theme--light">title</i></div>
        </div>
        <div class="v-input__control">
          <div class="v-input__slot">
            <div class="v-text-field__slot"><label aria-hidden="true" class="v-label theme--light" style="left: 0px; position: absolute;">Title</label><input aria-label="Title" autofocus="autofocus" type="text"></div>
            <div class="v-input__append-inner">
              <div class="v-input__icon v-input__icon--"><i aria-hidden="true" class="v-icon v-icon--link material-icons theme--light"></i></div>
            </div>
          </div>
          <div class="v-text-field__details">
            <div class="v-messages theme--light">
              <div class="v-messages__wrapper"></div>
            </div>
          </div>
        </div>
      </div>
      <div class="v-input v-textarea v-text-field v-text-field--box v-text-field--enclosed theme--light">
        <div class="v-input__prepend-outer">
          <div class="v-input__icon v-input__icon--prepend"><i aria-hidden="true" class="v-icon material-icons theme--light">description</i></div>
        </div>
        <div class="v-input__control">
          <div class="v-input__slot">
            <div class="v-text-field__slot"><label aria-hidden="true" class="v-label theme--light" style="left: 0px; position: absolute;">
                <div>
                  Description
                  <small>(optional)</small></div>
              </label><textarea rows="3"></textarea></div>
          </div>
          <div class="v-text-field__details">
            <div class="v-messages theme--light">
              <div class="v-messages__wrapper"></div>
            </div>
          </div>
        </div>
      </div>
      <div class="v-input v-text-field v-text-field--box v-text-field--enclosed v-select v-select--chips v-select--chips--small v-autocomplete theme--light">
        <div class="v-input__prepend-outer">
          <div class="v-input__icon v-input__icon--prepend"><i aria-hidden="true" class="v-icon material-icons theme--light">category</i></div>
        </div>
        <div class="v-input__control">
          <div class="v-input__slot">
            <div class="v-select__slot"><label aria-hidden="true" class="v-label theme--light" style="left: 0px; position: absolute;">
                <div>
                  Tags
                  <small>(optional)</small></div>
              </label>
              <div class="v-select__selections"><input type="text" autocomplete="off" role="combobox"></div>
              <div class="v-input__append-inner">
                <div class="v-input__icon v-input__icon--"><i aria-hidden="true" class="v-icon v-icon--link material-icons theme--light"></i></div>
              </div>
              <div class="v-input__append-inner">
                <div class="v-input__icon v-input__icon--append"><i aria-hidden="true" class="v-icon material-icons theme--light">arrow_drop_down</i></div>
              </div>
            </div>
            <div class="v-menu"></div>
          </div>
          <div class="v-text-field__details">
            <div class="v-messages theme--light">
              <div class="v-messages__wrapper"></div>
            </div>
          </div>
        </div>
      </div>
    </form>
  </div>
  <div class="v-card__actions pt-0 pb-3">
    <div class="layout justify-end"><button type="button" class="v-btn v-btn--round theme--light error">
        <div class="v-btn__content"><i aria-hidden="true" class="v-icon material-icons theme--light">clear</i>&nbsp;Discard
        </div>
      </button> <button type="button" class="v-btn v-btn--round theme--light success">
        <div class="v-btn__content"><i aria-hidden="true" class="v-icon material-icons theme--light">check_circle_outline</i>&nbsp;Save
        </div>
      </button></div>
  </div>
</div>
`;
