// Jest Snapshot v1, https://goo.gl/fbAQLP

exports[`ProfilePicture.vue should match snapshot 1`] = `<div image-validate-size-min-width="10" image-validate-size-min-height="10" label-idle="<span class=&quot;filepond--label-action&quot;>Upload</span> a profile picture" max-file-size="1MB" name="profile-pic" style-panel-layout="compact circle" style-load-indicator-position="center bottom" style-progress-indicator-position="right bottom" style-button-process-item-position="right bottom" style-button-remove-item-position="center bottom" accepted-file-types="image/jpeg,image/png" files="" image-preview-height="190" image-resize-target-width="200" image-resize-target-height="200"></div>`;
