// Jest Snapshot v1, https://goo.gl/fbAQLP

exports[`TitleBar.vue should match snapshot 1`] = `
<nav class="v-toolbar v-toolbar--clipped v-toolbar--fixed theme--light" style="margin-top: 0px; padding-right: 0px; padding-left: 0px; transform: translateY(0px);">
  <div class="v-toolbar__content" style="height: 64px;">
    <div class="v-toolbar__title headline text-uppercase"><span>TITLE NAME</span></div>
    <div class="spacer"></div>
  </div>
</nav>
`;
